[2023-02-09T20:58:06.606-0500][gc] Using G1
[2023-02-09T20:58:06.618-0500][gc,init] Version: 17.0.4.1+1 (release)
[2023-02-09T20:58:06.618-0500][gc,init] CPUs: 4 total, 4 available
[2023-02-09T20:58:06.618-0500][gc,init] Memory: 4096M
[2023-02-09T20:58:06.618-0500][gc,init] Large Page Support: Disabled
[2023-02-09T20:58:06.618-0500][gc,init] NUMA Support: Disabled
[2023-02-09T20:58:06.618-0500][gc,init] Compressed Oops: Enabled (Zero based)
[2023-02-09T20:58:06.618-0500][gc,init] Heap Region Size: 1M
[2023-02-09T20:58:06.618-0500][gc,init] Heap Min Capacity: 1G
[2023-02-09T20:58:06.618-0500][gc,init] Heap Initial Capacity: 1G
[2023-02-09T20:58:06.618-0500][gc,init] Heap Max Capacity: 1G
[2023-02-09T20:58:06.618-0500][gc,init] Pre-touch: Disabled
[2023-02-09T20:58:06.618-0500][gc,init] Parallel Workers: 4
[2023-02-09T20:58:06.618-0500][gc,init] Concurrent Workers: 1
[2023-02-09T20:58:06.618-0500][gc,init] Concurrent Refinement Workers: 4
[2023-02-09T20:58:06.618-0500][gc,init] Periodic GC: Disabled
[2023-02-09T20:58:06.619-0500][gc,metaspace] CDS archive(s) mapped at: [0x0000000800000000-0x0000000800bd4000-0x0000000800bd4000), size 12402688, SharedBaseAddress: 0x0000000800000000, ArchiveRelocationMode: 0.
[2023-02-09T20:58:06.619-0500][gc,metaspace] Compressed class space mapped at: 0x0000000800c00000-0x0000000840c00000, reserved size: 1073741824
[2023-02-09T20:58:06.619-0500][gc,metaspace] Narrow klass base: 0x0000000800000000, Narrow klass shift: 0, Narrow klass range: 0x100000000
[2023-02-09T20:58:10.164-0500][gc,start    ] GC(0) Pause Young (Normal) (G1 Evacuation Pause)
[2023-02-09T20:58:10.165-0500][gc,task     ] GC(0) Using 4 workers of 4 for evacuation
[2023-02-09T20:58:10.181-0500][gc,phases   ] GC(0)   Pre Evacuate Collection Set: 0.1ms
[2023-02-09T20:58:10.181-0500][gc,phases   ] GC(0)   Merge Heap Roots: 0.1ms
[2023-02-09T20:58:10.181-0500][gc,phases   ] GC(0)   Evacuate Collection Set: 15.0ms
[2023-02-09T20:58:10.181-0500][gc,phases   ] GC(0)   Post Evacuate Collection Set: 0.9ms
[2023-02-09T20:58:10.181-0500][gc,phases   ] GC(0)   Other: 0.9ms
[2023-02-09T20:58:10.181-0500][gc,heap     ] GC(0) Eden regions: 51->0(44)
[2023-02-09T20:58:10.181-0500][gc,heap     ] GC(0) Survivor regions: 0->7(7)
[2023-02-09T20:58:10.181-0500][gc,heap     ] GC(0) Old regions: 0->1
[2023-02-09T20:58:10.181-0500][gc,heap     ] GC(0) Archive regions: 2->2
[2023-02-09T20:58:10.181-0500][gc,heap     ] GC(0) Humongous regions: 0->0
[2023-02-09T20:58:10.181-0500][gc,metaspace] GC(0) Metaspace: 18207K(18368K)->18207K(18368K) NonClass: 16041K(16128K)->16041K(16128K) Class: 2166K(2240K)->2166K(2240K)
[2023-02-09T20:58:10.182-0500][gc          ] GC(0) Pause Young (Normal) (G1 Evacuation Pause) 51M->7M(1024M) 17.554ms
[2023-02-09T20:58:10.182-0500][gc,cpu      ] GC(0) User=0.03s Sys=0.01s Real=0.02s
[2023-02-09T20:58:11.223-0500][gc,start    ] GC(1) Pause Young (Concurrent Start) (Metadata GC Threshold)
[2023-02-09T20:58:11.223-0500][gc,task     ] GC(1) Using 4 workers of 4 for evacuation
[2023-02-09T20:58:11.240-0500][gc,phases   ] GC(1)   Pre Evacuate Collection Set: 0.1ms
[2023-02-09T20:58:11.241-0500][gc,phases   ] GC(1)   Merge Heap Roots: 0.1ms
[2023-02-09T20:58:11.241-0500][gc,phases   ] GC(1)   Evacuate Collection Set: 16.5ms
[2023-02-09T20:58:11.241-0500][gc,phases   ] GC(1)   Post Evacuate Collection Set: 0.6ms
[2023-02-09T20:58:11.241-0500][gc,phases   ] GC(1)   Other: 0.6ms
[2023-02-09T20:58:11.241-0500][gc,heap     ] GC(1) Eden regions: 13->0(49)
[2023-02-09T20:58:11.241-0500][gc,heap     ] GC(1) Survivor regions: 7->2(7)
[2023-02-09T20:58:11.241-0500][gc,heap     ] GC(1) Old regions: 1->8
[2023-02-09T20:58:11.241-0500][gc,heap     ] GC(1) Archive regions: 2->2
[2023-02-09T20:58:11.241-0500][gc,heap     ] GC(1) Humongous regions: 129->129
[2023-02-09T20:58:11.241-0500][gc,metaspace] GC(1) Metaspace: 21279K(21504K)->21279K(21504K) NonClass: 18715K(18816K)->18715K(18816K) Class: 2564K(2688K)->2564K(2688K)
[2023-02-09T20:58:11.241-0500][gc          ] GC(1) Pause Young (Concurrent Start) (Metadata GC Threshold) 149M->138M(1024M) 18.104ms
[2023-02-09T20:58:11.241-0500][gc,cpu      ] GC(1) User=0.03s Sys=0.01s Real=0.02s
[2023-02-09T20:58:11.241-0500][gc          ] GC(2) Concurrent Mark Cycle
[2023-02-09T20:58:11.241-0500][gc,marking  ] GC(2) Concurrent Clear Claimed Marks
[2023-02-09T20:58:11.242-0500][gc,marking  ] GC(2) Concurrent Clear Claimed Marks 0.059ms
[2023-02-09T20:58:11.242-0500][gc,marking  ] GC(2) Concurrent Scan Root Regions
[2023-02-09T20:58:11.250-0500][gc,marking  ] GC(2) Concurrent Scan Root Regions 8.939ms
[2023-02-09T20:58:11.251-0500][gc,marking  ] GC(2) Concurrent Mark
[2023-02-09T20:58:11.251-0500][gc,marking  ] GC(2) Concurrent Mark From Roots
[2023-02-09T20:58:11.251-0500][gc,task     ] GC(2) Using 1 workers of 1 for marking
[2023-02-09T20:58:11.258-0500][gc,marking  ] GC(2) Concurrent Mark From Roots 7.098ms
[2023-02-09T20:58:11.258-0500][gc,marking  ] GC(2) Concurrent Preclean
[2023-02-09T20:58:11.258-0500][gc,marking  ] GC(2) Concurrent Preclean 0.161ms
[2023-02-09T20:58:11.258-0500][gc,start    ] GC(2) Pause Remark
[2023-02-09T20:58:11.262-0500][gc          ] GC(2) Pause Remark 139M->139M(1024M) 3.984ms
[2023-02-09T20:58:11.262-0500][gc,cpu      ] GC(2) User=0.01s Sys=0.00s Real=0.01s
[2023-02-09T20:58:11.262-0500][gc,marking  ] GC(2) Concurrent Mark 11.849ms
[2023-02-09T20:58:11.262-0500][gc,marking  ] GC(2) Concurrent Rebuild Remembered Sets
[2023-02-09T20:58:11.268-0500][gc,marking  ] GC(2) Concurrent Rebuild Remembered Sets 5.493ms
[2023-02-09T20:58:11.268-0500][gc,start    ] GC(2) Pause Cleanup
[2023-02-09T20:58:11.268-0500][gc          ] GC(2) Pause Cleanup 139M->139M(1024M) 0.166ms
[2023-02-09T20:58:11.268-0500][gc,cpu      ] GC(2) User=0.00s Sys=0.00s Real=0.00s
[2023-02-09T20:58:11.268-0500][gc,marking  ] GC(2) Concurrent Cleanup for Next Mark
[2023-02-09T20:58:11.284-0500][gc,marking  ] GC(2) Concurrent Cleanup for Next Mark 16.085ms
[2023-02-09T20:58:11.285-0500][gc          ] GC(2) Concurrent Mark Cycle 43.770ms
[2023-02-09T20:58:14.402-0500][gc,start    ] GC(3) Pause Young (Normal) (G1 Evacuation Pause)
[2023-02-09T20:58:14.402-0500][gc,task     ] GC(3) Using 4 workers of 4 for evacuation
[2023-02-09T20:58:14.415-0500][gc,phases   ] GC(3)   Pre Evacuate Collection Set: 0.1ms
[2023-02-09T20:58:14.415-0500][gc,phases   ] GC(3)   Merge Heap Roots: 0.1ms
[2023-02-09T20:58:14.415-0500][gc,phases   ] GC(3)   Evacuate Collection Set: 11.4ms
[2023-02-09T20:58:14.415-0500][gc,phases   ] GC(3)   Post Evacuate Collection Set: 0.7ms
[2023-02-09T20:58:14.415-0500][gc,phases   ] GC(3)   Other: 0.5ms
[2023-02-09T20:58:14.415-0500][gc,heap     ] GC(3) Eden regions: 49->0(45)
[2023-02-09T20:58:14.415-0500][gc,heap     ] GC(3) Survivor regions: 2->6(7)
[2023-02-09T20:58:14.415-0500][gc,heap     ] GC(3) Old regions: 8->8
[2023-02-09T20:58:14.415-0500][gc,heap     ] GC(3) Archive regions: 2->2
[2023-02-09T20:58:14.415-0500][gc,heap     ] GC(3) Humongous regions: 129->129
[2023-02-09T20:58:14.415-0500][gc,metaspace] GC(3) Metaspace: 32551K(32832K)->32551K(32832K) NonClass: 28869K(29056K)->28869K(29056K) Class: 3682K(3776K)->3682K(3776K)
[2023-02-09T20:58:14.415-0500][gc          ] GC(3) Pause Young (Normal) (G1 Evacuation Pause) 187M->142M(1024M) 13.043ms
[2023-02-09T20:58:14.415-0500][gc,cpu      ] GC(3) User=0.03s Sys=0.00s Real=0.01s
[2023-02-09T21:02:28.976-0500][gc,heap,exit] Heap
[2023-02-09T21:02:28.977-0500][gc,heap,exit]  garbage-first heap   total 1048576K, used 163539K [0x00000007c0000000, 0x0000000800000000)
[2023-02-09T21:02:28.977-0500][gc,heap,exit]   region size 1024K, 24 young (24576K), 6 survivors (6144K)
[2023-02-09T21:02:28.977-0500][gc,heap,exit]  Metaspace       used 34779K, committed 35072K, reserved 1081344K
[2023-02-09T21:02:28.977-0500][gc,heap,exit]   class space    used 4033K, committed 4160K, reserved 1048576K
