[2023-02-09T20:47:18.495-0500][gc] Using G1
[2023-02-09T20:47:18.499-0500][gc,init] Version: 17.0.4.1+1 (release)
[2023-02-09T20:47:18.499-0500][gc,init] CPUs: 4 total, 4 available
[2023-02-09T20:47:18.499-0500][gc,init] Memory: 4096M
[2023-02-09T20:47:18.499-0500][gc,init] Large Page Support: Disabled
[2023-02-09T20:47:18.499-0500][gc,init] NUMA Support: Disabled
[2023-02-09T20:47:18.499-0500][gc,init] Compressed Oops: Enabled (Zero based)
[2023-02-09T20:47:18.499-0500][gc,init] Heap Region Size: 1M
[2023-02-09T20:47:18.499-0500][gc,init] Heap Min Capacity: 512M
[2023-02-09T20:47:18.499-0500][gc,init] Heap Initial Capacity: 512M
[2023-02-09T20:47:18.499-0500][gc,init] Heap Max Capacity: 512M
[2023-02-09T20:47:18.499-0500][gc,init] Pre-touch: Disabled
[2023-02-09T20:47:18.499-0500][gc,init] Parallel Workers: 4
[2023-02-09T20:47:18.499-0500][gc,init] Concurrent Workers: 1
[2023-02-09T20:47:18.499-0500][gc,init] Concurrent Refinement Workers: 4
[2023-02-09T20:47:18.499-0500][gc,init] Periodic GC: Disabled
[2023-02-09T20:47:18.500-0500][gc,metaspace] CDS archive(s) mapped at: [0x0000000800000000-0x0000000800bd4000-0x0000000800bd4000), size 12402688, SharedBaseAddress: 0x0000000800000000, ArchiveRelocationMode: 0.
[2023-02-09T20:47:18.500-0500][gc,metaspace] Compressed class space mapped at: 0x0000000800c00000-0x0000000840c00000, reserved size: 1073741824
[2023-02-09T20:47:18.500-0500][gc,metaspace] Narrow klass base: 0x0000000800000000, Narrow klass shift: 0, Narrow klass range: 0x100000000
[2023-02-09T20:48:01.700-0500][gc,start    ] GC(0) Pause Young (Normal) (G1 Evacuation Pause)
[2023-02-09T20:48:01.701-0500][gc,task     ] GC(0) Using 4 workers of 4 for evacuation
[2023-02-09T20:48:01.757-0500][gc,mmu      ] GC(0) MMU target violated: 21.0ms (20.0ms/21.0ms)
[2023-02-09T20:48:01.758-0500][gc,phases   ] GC(0)   Pre Evacuate Collection Set: 0.6ms
[2023-02-09T20:48:01.758-0500][gc,phases   ] GC(0)   Merge Heap Roots: 0.3ms
[2023-02-09T20:48:01.758-0500][gc,phases   ] GC(0)   Evacuate Collection Set: 54.1ms
[2023-02-09T20:48:01.758-0500][gc,phases   ] GC(0)   Post Evacuate Collection Set: 0.7ms
[2023-02-09T20:48:01.758-0500][gc,phases   ] GC(0)   Other: 1.7ms
[2023-02-09T20:48:01.758-0500][gc,heap     ] GC(0) Eden regions: 25->0(21)
[2023-02-09T20:48:01.758-0500][gc,heap     ] GC(0) Survivor regions: 0->4(4)
[2023-02-09T20:48:01.758-0500][gc,heap     ] GC(0) Old regions: 0->4
[2023-02-09T20:48:01.758-0500][gc,heap     ] GC(0) Archive regions: 2->2
[2023-02-09T20:48:01.758-0500][gc,heap     ] GC(0) Humongous regions: 0->0
[2023-02-09T20:48:01.758-0500][gc,metaspace] GC(0) Metaspace: 7806K(7936K)->7806K(7936K) NonClass: 6921K(6976K)->6921K(6976K) Class: 885K(960K)->885K(960K)
[2023-02-09T20:48:01.758-0500][gc          ] GC(0) Pause Young (Normal) (G1 Evacuation Pause) 25M->8M(512M) 57.794ms
[2023-02-09T20:48:01.758-0500][gc,cpu      ] GC(0) User=0.03s Sys=0.05s Real=0.05s
[2023-02-09T20:56:05.547-0500][gc,heap,exit] Heap
[2023-02-09T20:56:05.547-0500][gc,heap,exit]  garbage-first heap   total 524288K, used 13331K [0x00000007e0000000, 0x0000000800000000)
[2023-02-09T20:56:05.547-0500][gc,heap,exit]   region size 1024K, 9 young (9216K), 4 survivors (4096K)
[2023-02-09T20:56:05.547-0500][gc,heap,exit]  Metaspace       used 8179K, committed 8384K, reserved 1056768K
[2023-02-09T20:56:05.548-0500][gc,heap,exit]   class space    used 907K, committed 1024K, reserved 1048576K
