[2023-02-09T20:58:02.564-0500][gc] Using G1
[2023-02-09T20:58:02.569-0500][gc,init] Version: 17.0.4.1+1 (release)
[2023-02-09T20:58:02.569-0500][gc,init] CPUs: 4 total, 4 available
[2023-02-09T20:58:02.569-0500][gc,init] Memory: 4096M
[2023-02-09T20:58:02.569-0500][gc,init] Large Page Support: Disabled
[2023-02-09T20:58:02.569-0500][gc,init] NUMA Support: Disabled
[2023-02-09T20:58:02.569-0500][gc,init] Compressed Oops: Enabled (Zero based)
[2023-02-09T20:58:02.569-0500][gc,init] Heap Region Size: 1M
[2023-02-09T20:58:02.569-0500][gc,init] Heap Min Capacity: 512M
[2023-02-09T20:58:02.569-0500][gc,init] Heap Initial Capacity: 512M
[2023-02-09T20:58:02.569-0500][gc,init] Heap Max Capacity: 512M
[2023-02-09T20:58:02.569-0500][gc,init] Pre-touch: Disabled
[2023-02-09T20:58:02.569-0500][gc,init] Parallel Workers: 4
[2023-02-09T20:58:02.569-0500][gc,init] Concurrent Workers: 1
[2023-02-09T20:58:02.569-0500][gc,init] Concurrent Refinement Workers: 4
[2023-02-09T20:58:02.569-0500][gc,init] Periodic GC: Disabled
[2023-02-09T20:58:02.570-0500][gc,metaspace] CDS archive(s) mapped at: [0x0000000800000000-0x0000000800bd4000-0x0000000800bd4000), size 12402688, SharedBaseAddress: 0x0000000800000000, ArchiveRelocationMode: 0.
[2023-02-09T20:58:02.570-0500][gc,metaspace] Compressed class space mapped at: 0x0000000800c00000-0x0000000840c00000, reserved size: 1073741824
[2023-02-09T20:58:02.570-0500][gc,metaspace] Narrow klass base: 0x0000000800000000, Narrow klass shift: 0, Narrow klass range: 0x100000000
[2023-02-09T20:58:08.881-0500][gc,start    ] GC(0) Pause Young (Normal) (G1 Evacuation Pause)
[2023-02-09T20:58:08.887-0500][gc,task     ] GC(0) Using 4 workers of 4 for evacuation
[2023-02-09T20:58:08.929-0500][gc,mmu      ] GC(0) MMU target violated: 21.0ms (20.0ms/21.0ms)
[2023-02-09T20:58:08.932-0500][gc,phases   ] GC(0)   Pre Evacuate Collection Set: 0.1ms
[2023-02-09T20:58:08.932-0500][gc,phases   ] GC(0)   Merge Heap Roots: 3.8ms
[2023-02-09T20:58:08.932-0500][gc,phases   ] GC(0)   Evacuate Collection Set: 26.7ms
[2023-02-09T20:58:08.932-0500][gc,phases   ] GC(0)   Post Evacuate Collection Set: 4.8ms
[2023-02-09T20:58:08.933-0500][gc,phases   ] GC(0)   Other: 26.2ms
[2023-02-09T20:58:08.933-0500][gc,heap     ] GC(0) Eden regions: 25->0(21)
[2023-02-09T20:58:08.934-0500][gc,heap     ] GC(0) Survivor regions: 0->4(4)
[2023-02-09T20:58:08.934-0500][gc,heap     ] GC(0) Old regions: 0->4
[2023-02-09T20:58:08.934-0500][gc,heap     ] GC(0) Archive regions: 2->2
[2023-02-09T20:58:08.934-0500][gc,heap     ] GC(0) Humongous regions: 0->0
[2023-02-09T20:58:08.934-0500][gc,metaspace] GC(0) Metaspace: 7842K(8000K)->7842K(8000K) NonClass: 6955K(7040K)->6955K(7040K) Class: 886K(960K)->886K(960K)
[2023-02-09T20:58:08.934-0500][gc          ] GC(0) Pause Young (Normal) (G1 Evacuation Pause) 25M->8M(512M) 53.176ms
[2023-02-09T20:58:08.934-0500][gc,cpu      ] GC(0) User=0.03s Sys=0.01s Real=0.06s
[2023-02-09T21:02:24.732-0500][gc,heap,exit] Heap
[2023-02-09T21:02:24.734-0500][gc,heap,exit]  garbage-first heap   total 524288K, used 13197K [0x00000007e0000000, 0x0000000800000000)
[2023-02-09T21:02:24.734-0500][gc,heap,exit]   region size 1024K, 9 young (9216K), 4 survivors (4096K)
[2023-02-09T21:02:24.734-0500][gc,heap,exit]  Metaspace       used 8155K, committed 8320K, reserved 1056768K
[2023-02-09T21:02:24.734-0500][gc,heap,exit]   class space    used 908K, committed 1024K, reserved 1048576K
